drizzle.config.ts(1,29): error TS2307: Cannot find module 'drizzle-kit' or its corresponding type declarations.
